../Drivers/CMSIS/Include/core_cm7.h:2156:34:__NVIC_SystemReset	4	static,ignoring_inline_asm
../Core/Src/main.c:304:5:main	33248	static
../Core/Src/main.c:822:6:SystemClock_Config	120	static
../Core/Src/main.c:881:6:PeriphCommonClock_Config	192	static
../Core/Src/main.c:908:13:MX_ADC1_Init	56	static
../Core/Src/main.c:987:13:MX_ADC2_Init	48	static
../Core/Src/main.c:1068:13:MX_ETH_Init	8	static
../Core/Src/main.c:1117:13:MX_I2C1_Init	8	static
../Core/Src/main.c:1165:13:MX_TIM3_Init	40	static
../Core/Src/main.c:1210:13:MX_TIM13_Init	8	static
../Core/Src/main.c:1241:13:MX_TIM14_Init	8	static
../Core/Src/main.c:1272:13:MX_UART4_Init	8	static
../Core/Src/main.c:1320:13:MX_USART3_UART_Init	8	static
../Core/Src/main.c:1368:13:MX_USB_OTG_HS_USB_Init	4	static
../Core/Src/main.c:1387:13:MX_DMA_Init	16	static
../Core/Src/main.c:1408:13:MX_GPIO_Init	56	static
../Core/Src/main.c:1515:6:HAL_ADC_ConvCpltCallback	88	static
../Core/Src/main.c:1630:6:DMATransferComplete	16	static
../Core/Src/main.c:1670:11:calculate_time_shift	98344	static
../Core/Src/main.c:1752:13:createMicArray	24	static
../Core/Src/main.c:1767:6:freeMicArray	16	static
../Core/Src/main.c:1792:6:calculate_base_points	88	static
../Core/Src/main.c:1825:13:rotateMicArray	48	static
../Core/Src/main.c:1874:9:hooke_jeeves_search_2d	160	static
../Core/Src/main.c:1997:9:hooke_jeeves_search_3d	168	static
../Core/Src/main.c:2127:11:calculate_residual	56	static
../Core/Src/main.c:2165:11:calculate_squared_diff	32	static
../Core/Src/main.c:2182:11:calculate_toa	72	static
../Core/Src/main.c:2200:5:arg_min	32	static
../Core/Src/main.c:2228:16:lsm6dsox_write	40	static
../Core/Src/main.c:2247:16:lsm6dsox_read	40	static
../Core/Src/main.c:2265:6:lsm6dsox_read_data_drdy_handler	24	static
../Core/Src/main.c:2323:6:lsm6dsox_read_data_drdy	24	static
../Core/Src/main.c:2407:16:lis3mdl_write	40	static
../Core/Src/main.c:2426:16:lis3mdl_read	40	static
../Core/Src/main.c:2444:6:lis3mdl_read_data_drdy_handler	24	static
../Core/Src/main.c:2474:6:lis3mdl_read_data_drdy	16	static
../Core/Src/main.c:2532:13:platform_delay	16	static
../Core/Src/main.c:2546:6:gyro_calibration	24	static
../Core/Src/main.c:2567:6:init_imu	8	static
../Core/Src/main.c:2594:6:update_filter	280	static
../Core/Src/main.c:2814:13:QuaternionToEulerAngles	88	static
../Core/Src/main.c:2846:9:rotatePoint	112	static
../Core/Src/main.c:2873:12:EulerAnglesToQuaternion	104	static
../Core/Src/main.c:2894:6:normalize_quaternion	24	static
../Core/Src/main.c:2910:7:extract_yaw	24	static
../Core/Src/main.c:2920:12:create_yaw_quaternion	72	static
../Core/Src/main.c:2938:12:multiply_quaternions	88	static
../Core/Src/main.c:2954:7:invSqrt	32	static
../Core/Src/main.c:2978:7:randn	32	static
../Core/Src/main.c:3017:15:create_kalman_filter	24	static
../Core/Src/main.c:3054:6:kalman_filter_init	24	static
../Core/Src/main.c:3075:6:kalman_filter_predict	56	static
../Core/Src/main.c:3111:6:kalman_filter_update	128	static
../Core/Src/main.c:3176:15:init_kalman_filter_combined	776	static
../Core/Src/main.c:3236:15:init_kalman_filter_isbl	600	static
../Core/Src/main.c:3294:6:update_kalman_matrices	24	static
../Core/Src/main.c:3324:6:transmit_line	16	static
../Core/Src/main.c:3341:19:receiveRobustFloat	112	static
../Core/Src/main.c:3406:6:EXTI9_5_IRQHandler	8	static
../Core/Src/main.c:3412:6:HAL_GPIO_EXTI_Callback	16	static
../Core/Src/main.c:3433:6:Error_Handler	4	static,ignoring_inline_asm
