../Drivers/lis3mdl-pid/lis3mdl_reg.c:49:16:lis3mdl_read_reg	40	static
../Drivers/lis3mdl-pid/lis3mdl_reg.c:75:16:lis3mdl_write_reg	40	static
../Drivers/lis3mdl-pid/lis3mdl_reg.c:103:9:lis3mdl_from_fs4_to_gauss	16	static
../Drivers/lis3mdl-pid/lis3mdl_reg.c:108:9:lis3mdl_from_fs8_to_gauss	16	static
../Drivers/lis3mdl-pid/lis3mdl_reg.c:113:9:lis3mdl_from_fs12_to_gauss	16	static
../Drivers/lis3mdl-pid/lis3mdl_reg.c:118:9:lis3mdl_from_fs16_to_gauss	16	static
../Drivers/lis3mdl-pid/lis3mdl_reg.c:123:9:lis3mdl_from_lsb_to_celsius	16	static
../Drivers/lis3mdl-pid/lis3mdl_reg.c:149:9:lis3mdl_data_rate_set	32	static
../Drivers/lis3mdl-pid/lis3mdl_reg.c:187:9:lis3mdl_data_rate_get	24	static
../Drivers/lis3mdl-pid/lis3mdl_reg.c:345:9:lis3mdl_temperature_meas_set	24	static
../Drivers/lis3mdl-pid/lis3mdl_reg.c:369:9:lis3mdl_temperature_meas_get	24	static
../Drivers/lis3mdl-pid/lis3mdl_reg.c:388:9:lis3mdl_full_scale_set	24	static
../Drivers/lis3mdl-pid/lis3mdl_reg.c:412:9:lis3mdl_full_scale_get	24	static
../Drivers/lis3mdl-pid/lis3mdl_reg.c:453:9:lis3mdl_operating_mode_set	24	static
../Drivers/lis3mdl-pid/lis3mdl_reg.c:478:9:lis3mdl_operating_mode_get	24	static
../Drivers/lis3mdl-pid/lis3mdl_reg.c:516:9:lis3mdl_fast_low_power_set	24	static
../Drivers/lis3mdl-pid/lis3mdl_reg.c:540:9:lis3mdl_fast_low_power_get	24	static
../Drivers/lis3mdl-pid/lis3mdl_reg.c:559:9:lis3mdl_block_data_update_set	24	static
../Drivers/lis3mdl-pid/lis3mdl_reg.c:583:9:lis3mdl_block_data_update_get	24	static
../Drivers/lis3mdl-pid/lis3mdl_reg.c:603:9:lis3mdl_high_part_cycle_set	24	static
../Drivers/lis3mdl-pid/lis3mdl_reg.c:628:9:lis3mdl_high_part_cycle_get	24	static
../Drivers/lis3mdl-pid/lis3mdl_reg.c:647:9:lis3mdl_mag_data_ready_get	24	static
../Drivers/lis3mdl-pid/lis3mdl_reg.c:667:9:lis3mdl_mag_data_ovr_get	24	static
../Drivers/lis3mdl-pid/lis3mdl_reg.c:686:9:lis3mdl_magnetic_raw_get	32	static
../Drivers/lis3mdl-pid/lis3mdl_reg.c:709:9:lis3mdl_temperature_raw_get	24	static
../Drivers/lis3mdl-pid/lis3mdl_reg.c:741:9:lis3mdl_device_id_get	24	static
../Drivers/lis3mdl-pid/lis3mdl_reg.c:757:9:lis3mdl_self_test_set	24	static
../Drivers/lis3mdl-pid/lis3mdl_reg.c:781:9:lis3mdl_self_test_get	24	static
../Drivers/lis3mdl-pid/lis3mdl_reg.c:800:9:lis3mdl_reset_set	24	static
../Drivers/lis3mdl-pid/lis3mdl_reg.c:824:9:lis3mdl_reset_get	24	static
../Drivers/lis3mdl-pid/lis3mdl_reg.c:843:9:lis3mdl_boot_set	24	static
../Drivers/lis3mdl-pid/lis3mdl_reg.c:867:9:lis3mdl_boot_get	24	static
../Drivers/lis3mdl-pid/lis3mdl_reg.c:886:9:lis3mdl_data_format_set	24	static
../Drivers/lis3mdl-pid/lis3mdl_reg.c:910:9:lis3mdl_data_format_get	24	static
../Drivers/lis3mdl-pid/lis3mdl_reg.c:943:9:lis3mdl_status_get	16	static
../Drivers/lis3mdl-pid/lis3mdl_reg.c:968:9:lis3mdl_int_config_set	16	static
../Drivers/lis3mdl-pid/lis3mdl_reg.c:982:9:lis3mdl_int_config_get	16	static
../Drivers/lis3mdl-pid/lis3mdl_reg.c:995:9:lis3mdl_int_generation_set	24	static
../Drivers/lis3mdl-pid/lis3mdl_reg.c:1019:9:lis3mdl_int_generation_get	24	static
../Drivers/lis3mdl-pid/lis3mdl_reg.c:1039:9:lis3mdl_int_notification_mode_set	24	static
../Drivers/lis3mdl-pid/lis3mdl_reg.c:1065:9:lis3mdl_int_notification_mode_get	24	static
../Drivers/lis3mdl-pid/lis3mdl_reg.c:1099:9:lis3mdl_int_polarity_set	24	static
../Drivers/lis3mdl-pid/lis3mdl_reg.c:1123:9:lis3mdl_int_polarity_get	24	static
../Drivers/lis3mdl-pid/lis3mdl_reg.c:1157:9:lis3mdl_int_on_z_ax_set	24	static
../Drivers/lis3mdl-pid/lis3mdl_reg.c:1181:9:lis3mdl_int_on_z_ax_get	24	static
../Drivers/lis3mdl-pid/lis3mdl_reg.c:1200:9:lis3mdl_int_on_y_ax_set	24	static
../Drivers/lis3mdl-pid/lis3mdl_reg.c:1224:9:lis3mdl_int_on_y_ax_get	24	static
../Drivers/lis3mdl-pid/lis3mdl_reg.c:1243:9:lis3mdl_int_on_x_ax_set	24	static
../Drivers/lis3mdl-pid/lis3mdl_reg.c:1267:9:lis3mdl_int_on_x_ax_get	24	static
../Drivers/lis3mdl-pid/lis3mdl_reg.c:1286:9:lis3mdl_int_source_get	16	static
../Drivers/lis3mdl-pid/lis3mdl_reg.c:1300:9:lis3mdl_interrupt_event_flag_get	24	static
../Drivers/lis3mdl-pid/lis3mdl_reg.c:1320:9:lis3mdl_int_mag_over_range_flag_get	24	static
../Drivers/lis3mdl-pid/lis3mdl_reg.c:1340:9:lis3mdl_int_neg_z_flag_get	24	static
../Drivers/lis3mdl-pid/lis3mdl_reg.c:1359:9:lis3mdl_int_neg_y_flag_get	24	static
../Drivers/lis3mdl-pid/lis3mdl_reg.c:1377:9:lis3mdl_int_neg_x_flag_get	24	static
../Drivers/lis3mdl-pid/lis3mdl_reg.c:1395:9:lis3mdl_int_pos_z_flag_get	24	static
../Drivers/lis3mdl-pid/lis3mdl_reg.c:1413:9:lis3mdl_int_pos_y_flag_get	24	static
../Drivers/lis3mdl-pid/lis3mdl_reg.c:1431:9:lis3mdl_int_pos_x_flag_get	24	static
../Drivers/lis3mdl-pid/lis3mdl_reg.c:1449:9:lis3mdl_int_threshold_set	24	static
../Drivers/lis3mdl-pid/lis3mdl_reg.c:1469:9:lis3mdl_int_threshold_get	24	static
../Drivers/lis3mdl-pid/lis3mdl_reg.c:1502:9:lis3mdl_spi_mode_set	24	static
../Drivers/lis3mdl-pid/lis3mdl_reg.c:1526:9:lis3mdl_spi_mode_get	24	static
